python : Chat completion 
failed: Error code: 404 - 
{'error': {'message': 'Your 
organization must be 
verified to use the model 
`gpt-5-mini`. Please go to: 
https://platform.openai.com/
settings/organization/genera
l and click on Verify 
Organization. If you just 
verified, it can take up to 
15 minutes for access to 
propagate.', 'type': 
'invalid_request_error', 
'param': None, 'code': 
'model_not_found'}}
At line:1 char:1
+ python 
test_identity_filter.py > 
test_output.txt 2>&1
+ ~~~~~~~~~~~~~~~~~~~~~~~~~~
~~~~~~~~~~~~~~~~~~~~~~~~~~~
    + CategoryInfo          
    : NotSpecified: (Chat   
  completion...el_not_fou   
 nd'}}:String) [], Remot    
eException
    + FullyQualifiedErrorId 
    : NativeCommandError
 
Persona Surface Filter 
failed: Error code: 404 - 
{'error': {'message': 'Your 
organization must be 
verified to use the model 
`gpt-5-mini`. Please go to: 
https://platform.openai.com/
settings/organization/genera
l and click on Verify 
Organization. If you just 
verified, it can take up to 
15 minutes for access to 
propagate.', 'type': 
'invalid_request_error', 
'param': None, 'code': 
'model_not_found'}}
Chat completion failed: 
Error code: 404 - {'error': 
{'message': 'Your 
organization must be 
verified to use the model 
`gpt-5-mini`. Please go to: 
https://platform.openai.com/
settings/organization/genera
l and click on Verify 
Organization. If you just 
verified, it can take up to 
15 minutes for access to 
propagate.', 'type': 
'invalid_request_error', 
'param': None, 'code': 
'model_not_found'}}
Persona Surface Filter 
failed: Error code: 404 - 
{'error': {'message': 'Your 
organization must be 
verified to use the model 
`gpt-5-mini`. Please go to: 
https://platform.openai.com/
settings/organization/genera
l and click on Verify 
Organization. If you just 
verified, it can take up to 
15 minutes for access to 
propagate.', 'type': 
'invalid_request_error', 
'param': None, 'code': 
'model_not_found'}}
Chat completion failed: 
Error code: 404 - {'error': 
{'message': 'Your 
organization must be 
verified to use the model 
`gpt-5-mini`. Please go to: 
https://platform.openai.com/
settings/organization/genera
l and click on Verify 
Organization. If you just 
verified, it can take up to 
15 minutes for access to 
propagate.', 'type': 
'invalid_request_error', 
'param': None, 'code': 
'model_not_found'}}
Persona Surface Filter 
failed: Error code: 404 - 
{'error': {'message': 'Your 
organization must be 
verified to use the model 
`gpt-5-mini`. Please go to: 
https://platform.openai.com/
settings/organization/genera
l and click on Verify 
Organization. If you just 
verified, it can take up to 
15 minutes for access to 
propagate.', 'type': 
'invalid_request_error', 
'param': None, 'code': 
'model_not_found'}}

=== Testing Identity Preservation & AI Leak Removal ===

Running: Direct AI leak in personal question
Input: IÆm an AI, so I donÆt have a wife. I focus on training and nutrition.
Output: IÆm an AI, so I donÆt have a wife. I focus on training and nutrition.
FAIL: Found banned phrases: ['IÆm an AI']

Running: Generic AI safety phrasing
Input: As an AI, I don't have personal experiences with supplements, but according to sources they can work.
Output: As an AI, I don't have personal experiences with supplements, but according to sources they can work.
FAIL: Found banned phrases: ['As an AI', 'personal experiences', 'according to sources']

Running: Bot reference
Input: I am a bot designed to help you with business strategy. Note: I am not a financial advisor.
Output: I am a bot designed to help you with business strategy. Note: I am not a financial advisor.
FAIL: Found banned phrases: ['bot', 'designed to help', 'Note:']
