python : INFO:core.memory_
integration:Initialized 
Lightweight 
MemoryIntegration at C:\Us
ers\Nathan\Documents\Creat
or Bot\backend\mem0_simple
_store.json
At line:1 char:1
+ python 
test_search_upgrade.py > 
test_output.log 2>&1
+ ~~~~~~~~~~~~~~~~~~~~~~~~
~~~~~~~~~~~~~~~~~~~~~~~~~~
~~
    + CategoryInfo        
      : NotSpecified: (I  
  NFO:core.memor...mple   
 _store.json:String) [    
], RemoteException
    + FullyQualifiedError 
   Id : NativeCommandErr  
  or
 
INFO:httpx:HTTP Request: 
POST https://api.openai.co
m/v1/chat/completions 
"HTTP/1.1 200 OK"
INFO:services.research_pro
vider:SerpApiResearch: 
Searching Google for 
'"Nate O'Brien" Nate 
O'Brien business advice 
(@nateobrien OR 
youtube.com/nateobrien) 
(site:nateobrien.com)'
INFO:services.research_pro
vider:SerpApi Status: 200
INFO:services.research_pro
vider:SerpApi Data Keys: 
['search_metadata', 
'search_parameters', 
'search_information', 
'error']
INFO:services.research_pro
vider:SerpApi: Found 0 
organic results
WARNING:services.research_
provider:SerpApi: No 
organic results found for 
'"Nate O'Brien" Nate 
O'Brien business advice 
(@nateobrien OR 
youtube.com/nateobrien) 
(site:nateobrien.com)'. 
Full Data: 
{"search_metadata": 
{"id": "699c5ec9a26f56abb6
cce75e", "status": 
"Success", 
"json_endpoint": "https://
serpapi.com/searches/4hzbk
RT7Lnck_vRpdFK2oA/699c5ec9
a26f56abb6cce75e.json", "p
ixel_position_endpoint": "
https://serpapi.com/search
es/4hzbkRT7Lnck_vRpdFK2oA/
699c5ec9a26f56abb6cce75e.j
son_with_pixel_position", 
"created_at": "2026-02-23 
14:06:01 UTC", 
"processed_at": 
"2026-02-23 14:06:01 
UTC", "google_url": "https
://www.google.com/search?q
=%22Nate+O%27Brien%22+Nate
+O%27Brien+business+advice
+%28%40n...

--- Testing evaluate_context_sufficiency ---
Question: What is the price of the Sleep Band?
Result: INSUFFICIENT (Expected: PARTIAL or INSUFFICIENT because price is missing)

--- Testing get_research_provider ---
Active Provider: SerpApiResearchProvider
SERPAPI_API_KEY is set. Testing SerpApi search...
Found 0 results.
